MPASM 5.68                          MAIN.ASM   4-1-2026  21:56:51         PAGE  1


LOC  OBJECT CODE     LINE SOURCE TEXT
  VALUE

                      00001 ;*************************************************************************************************
                      00002 ; PROYECTO: Elemental_07 - Bit Shifting
                      00003 ; AUTOR: Carlos Mamani Flores (UTN-FRT)
                      00004 ; DESCRIPCIÓN: Lee RA<4:0>, se desplaza un bit a la derecha, por la izquierda entrará un ?0?
                      00005 ;y se muestra el resultado en RB<7:0> 
                      00006 ;*************************************************************************************************
                      00007 
                      00008     LIST      P=16F84A
                      00009     INCLUDE   <P16F84A.INC>
                      00001         LIST
                      00002 
                      00003 ;==========================================================================
                      00004 ; Build date : May 15 2016
                      00005 ;  MPASM PIC16F84A processor include
                      00006 ; 
                      00007 ;  (c) Copyright 1999-2016 Microchip Technology, All rights reserved
                      00008 ;==========================================================================
                      00009 
                      00209         LIST
                      00010 
2007   3FF9           00011     __CONFIG _FOSC_XT & _WDTE_OFF & _PWRTE_OFF & _CP_OFF
                      00012 
                      00013 ;--- CAPA 1: MAPEO DE HARDWARE Y CONSTANTES ---
Warning[207]: Found label after column 1. (ENTRADAS)
  0000001F            00014     ENTRADAS    EQU     b'00011111'     ; RA0-RA4 como entradas
Warning[207]: Found label after column 1. (MASCARASW)
  0000001F            00015     MASCARASW   EQU     b'00011111'     ; Mascara para asegurar el uso de los 5 bits de entrada
Warning[207]: Found label after column 1. (Temp)
  0000000C            00016     Temp        EQU     0x0C            ;Registro Temporal en la direccion 0x0C
                      00017     ORG     0x00
0000   2???           00018     GOTO    INICIO
                      00019 
                      00020     ORG     0x04
0004   0009           00021     RETFIE                          ; Resguardo de interrupciones
                      00022 ;--- CAPA 2: CONFIGURACIÓN DE PERIFÉRICOS ---
0005                  00023 INICIO
0005   1683           00024     BSF     STATUS, RP0             ; Acceso al Banco 1
0006   301F           00025     MOVLW   ENTRADAS
Message[302]: Register in operand not in bank 0.  Ensure that bank bits are correct.
0007   0085           00026     MOVWF   TRISA                   ; Configuro Puerto A
Message[302]: Register in operand not in bank 0.  Ensure that bank bits are correct.
0008   0186           00027     CLRF    TRISB                   ; Puerto B como salida completa
0009   1283           00028     BCF     STATUS, RP0             ; Regreso al Banco 0
                      00029     
000A   0186           00030     CLRF    PORTB                   ; Aseguro salidas en 0 al iniciar
                      00031 
                      00032 ;--- CAPA 3: LÓGICA DE APLICACIÓN ---
000B                  00033 MAIN
000B   0805           00034     MOVF    PORTA,  W               ;Guardo en W los datos de las entradas PORTA
000C   391F           00035     ANDLW   MASCARASW               ;Mascara de filtro para los 5 bits de entrada
000D   008C           00036     MOVWF   Temp                    ;Muevo los datos de W en el registro auxiliar
000E   1003           00037     BCF     STATUS, C               ;Aseguro de que el Carry siempre ingrese en 0
000F   0C0C           00038     RRF     Temp,   W               ;Desplazo un bit a la derecha y almaceno en W
MPASM 5.68                          MAIN.ASM   4-1-2026  21:56:51         PAGE  2


LOC  OBJECT CODE     LINE SOURCE TEXT
  VALUE

0010   0086           00039     MOVWF   PORTB                   ;Muevo los datos en W al PORTB
0011   2???           00040     goto    MAIN                    ;Crea un bucle cerrado e infinito
                      00041     
3FF9                  00042     END
MPASM 5.68                          MAIN.ASM   4-1-2026  21:56:51         PAGE  3


SYMBOL TABLE
  LABEL                             VALUE 

C                                 00000000
DC                                00000001
EEADR                             00000009
EECON1                            00000088
EECON2                            00000089
EEDATA                            00000008
EEIE                              00000006
EEIF                              00000004
ENTRADAS                          0000001F
F                                 00000001
FSR                               00000004
GIE                               00000007
INDF                              00000000
INICIO                            00000005
INTCON                            0000000B
INTE                              00000004
INTEDG                            00000006
INTF                              00000001
IRP                               00000007
MAIN                              0000000B
MASCARASW                         0000001F
NOT_PD                            00000003
NOT_RBPU                          00000007
NOT_TO                            00000004
OPTION_REG                        00000081
PCL                               00000002
PCLATH                            0000000A
PORTA                             00000005
PORTB                             00000006
PS0                               00000000
PS1                               00000001
PS2                               00000002
PSA                               00000003
RA0                               00000000
RA1                               00000001
RA2                               00000002
RA3                               00000003
RA4                               00000004
RB0                               00000000
RB1                               00000001
RB2                               00000002
RB3                               00000003
RB4                               00000004
RB5                               00000005
RB6                               00000006
RB7                               00000007
RBIE                              00000003
RBIF                              00000000
RD                                00000000
RP0                               00000005
RP1                               00000006
STATUS                            00000003
T0CS                              00000005
MPASM 5.68                          MAIN.ASM   4-1-2026  21:56:51         PAGE  4


SYMBOL TABLE
  LABEL                             VALUE 

T0IE                              00000005
T0IF                              00000002
T0SE                              00000004
TMR0                              00000001
TMR0IE                            00000005
TMR0IF                            00000002
TRISA                             00000085
TRISA0                            00000000
TRISA1                            00000001
TRISA2                            00000002
TRISA3                            00000003
TRISA4                            00000004
TRISB                             00000086
TRISB0                            00000000
TRISB1                            00000001
TRISB2                            00000002
TRISB3                            00000003
TRISB4                            00000004
TRISB5                            00000005
TRISB6                            00000006
TRISB7                            00000007
Temp                              0000000C
W                                 00000000
WR                                00000001
WREN                              00000002
WRERR                             00000003
Z                                 00000002
_CONFIG                           00002007
_CP_OFF                           00003FFF
_CP_ON                            0000000F
_DEVID1                           00002006
_FOSC_EXTRC                       00003FFF
_FOSC_HS                          00003FFE
_FOSC_LP                          00003FFC
_FOSC_XT                          00003FFD
_HS_OSC                           00003FFE
_IDLOC0                           00002000
_IDLOC1                           00002001
_IDLOC2                           00002002
_IDLOC3                           00002003
_LP_OSC                           00003FFC
_PWRTE_OFF                        00003FFF
_PWRTE_ON                         00003FF7
_RC_OSC                           00003FFF
_WDTE_OFF                         00003FFB
_WDTE_ON                          00003FFF
_WDT_OFF                          00003FFB
_WDT_ON                           00003FFF
_XT_OSC                           00003FFD
__16F84A                          00000001

MPASM 5.68                          MAIN.ASM   4-1-2026  21:56:51         PAGE  5





Errors   :     0
Warnings :     3 reported,     0 suppressed
Messages :     2 reported,     0 suppressed

