MPLINK 5.08, LINKER
Linker Map File - Created Sun Mar 29 11:38:13 2026

                                 Section Info
                  Section       Type    Address   Location Size(Bytes)
                ---------  ---------  ---------  ---------  ---------
                   .org_0       code   0x000000    program   0x000002
                   .cinit    romdata   0x000001    program   0x000004
                   .org_1       code   0x000004    program   0x000012
.config_2007_BUILD/DEFAULT/PRODUCTION/ENSAM_0       code   0x002007    program   0x000002



                              Program Memory Usage 
                               Start         End      
                           ---------   ---------      
                            0x000000    0x000002      
                            0x000004    0x00000c      
                            0x002007    0x002007      
            13 out of 1094 program addresses used, program memory utilization is 1%



                              Symbols - Sorted by Name
                     Name    Address   Location    Storage File                     
                ---------  ---------  ---------  --------- ---------                
                   INICIO   0x000005    program     static C:\Users\Carlitoz MF\Documents\Microcontroladores\PICLAB-Github\PIC16f84A\ASM_MPASM\Ensam_03.X\Ensam_03.asm
                     MAIN   0x00000a    program     static C:\Users\Carlitoz MF\Documents\Microcontroladores\PICLAB-Github\PIC16f84A\ASM_MPASM\Ensam_03.X\Ensam_03.asm



                              Symbols - Sorted by Address
                     Name    Address   Location    Storage File                     
                ---------  ---------  ---------  --------- ---------                
                   INICIO   0x000005    program     static C:\Users\Carlitoz MF\Documents\Microcontroladores\PICLAB-Github\PIC16f84A\ASM_MPASM\Ensam_03.X\Ensam_03.asm
                     MAIN   0x00000a    program     static C:\Users\Carlitoz MF\Documents\Microcontroladores\PICLAB-Github\PIC16f84A\ASM_MPASM\Ensam_03.X\Ensam_03.asm


