MPLINK 5.08, LINKER
Linker Map File - Created Wed Apr 01 22:50:05 2026

                                 Section Info
                  Section       Type    Address   Location Size(Bytes)
                ---------  ---------  ---------  ---------  ---------
                   .org_0       code   0x000000    program   0x000002
                   .cinit    romdata   0x000001    program   0x000004
                   .org_1       code   0x000004    program   0x000018
.config_2007_BUILD/DEFAULT/PRODUCTION/MAIN.O       code   0x002007    program   0x000002



                              Program Memory Usage 
                               Start         End      
                           ---------   ---------      
                            0x000000    0x000002      
                            0x000004    0x00000f      
                            0x002007    0x002007      
            16 out of 1094 program addresses used, program memory utilization is 1%



                              Symbols - Sorted by Name
                     Name    Address   Location    Storage File                     
                ---------  ---------  ---------  --------- ---------                
                   INICIO   0x000005    program     static C:\Users\Carlitoz MF\Documents\Microcontroladores\PICLAB-Github\PIC16f84A\ASM_MPASM\Elemental_10.X\main.asm
                     MAIN   0x00000b    program     static C:\Users\Carlitoz MF\Documents\Microcontroladores\PICLAB-Github\PIC16f84A\ASM_MPASM\Elemental_10.X\main.asm
                   SEGURO   0x00000f    program     static C:\Users\Carlitoz MF\Documents\Microcontroladores\PICLAB-Github\PIC16f84A\ASM_MPASM\Elemental_10.X\main.asm



                              Symbols - Sorted by Address
                     Name    Address   Location    Storage File                     
                ---------  ---------  ---------  --------- ---------                
                   INICIO   0x000005    program     static C:\Users\Carlitoz MF\Documents\Microcontroladores\PICLAB-Github\PIC16f84A\ASM_MPASM\Elemental_10.X\main.asm
                     MAIN   0x00000b    program     static C:\Users\Carlitoz MF\Documents\Microcontroladores\PICLAB-Github\PIC16f84A\ASM_MPASM\Elemental_10.X\main.asm
                   SEGURO   0x00000f    program     static C:\Users\Carlitoz MF\Documents\Microcontroladores\PICLAB-Github\PIC16f84A\ASM_MPASM\Elemental_10.X\main.asm


