MPASM 5.68                          MAIN.ASM   4-1-2026  22:12:09         PAGE  1


LOC  OBJECT CODE     LINE SOURCE TEXT
  VALUE

                      00001 ;*************************************************************************************************
                      00002 ; PROYECTO: Elemental_10 - Modo Standby
                      00003 ; AUTOR: Carlos Mamani Flores (UTN-FRT)
                      00004 ; DESCRIPCIÓN: Lee RA<4:0>y se muestra el resultado en RB<7:0> Esta operación la realizará una
                      00005 ;única vez, después el programa entrará en modo Standby o de bajo consumo del cual no
                      00006 ;podrá salir.
                      00007 ;*************************************************************************************************
                      00008 
                      00009     LIST      P=16F84A
                      00010     INCLUDE   <P16F84A.INC>
                      00001         LIST
                      00002 
                      00003 ;==========================================================================
                      00004 ; Build date : May 15 2016
                      00005 ;  MPASM PIC16F84A processor include
                      00006 ; 
                      00007 ;  (c) Copyright 1999-2016 Microchip Technology, All rights reserved
                      00008 ;==========================================================================
                      00009 
                      00209         LIST
                      00011 
2007   3FF9           00012     __CONFIG _FOSC_XT & _WDTE_OFF & _PWRTE_OFF & _CP_OFF
                      00013 
                      00014 ;--- CAPA 1: MAPEO DE HARDWARE Y CONSTANTES ---
Warning[207]: Found label after column 1. (ENTRADAS)
  0000001F            00015     ENTRADAS    EQU     b'00011111'     ; RA0-RA4 como entradas
Warning[207]: Found label after column 1. (MASCARASW)
  0000001F            00016     MASCARASW   EQU     b'00011111'     ; Mascara para asegurar el uso de los 5 bits de entrada
                      00017 
                      00018     ORG     0x00
0000   2???           00019     GOTO    INICIO
                      00020 
                      00021     ORG     0x04
0004   0009           00022     RETFIE                          ; Resguardo de interrupciones
                      00023 ;--- CAPA 2: CONFIGURACIÓN DE PERIFÉRICOS ---
0005                  00024 INICIO
0005   1683           00025     BSF     STATUS, RP0             ; Acceso al Banco 1
0006   301F           00026     MOVLW   ENTRADAS
Message[302]: Register in operand not in bank 0.  Ensure that bank bits are correct.
0007   0085           00027     MOVWF   TRISA                   ; Configuro Puerto A
Message[302]: Register in operand not in bank 0.  Ensure that bank bits are correct.
0008   0186           00028     CLRF    TRISB                   ; Puerto B como salida completa
0009   1283           00029     BCF     STATUS, RP0             ; Regreso al Banco 0
                      00030     
000A   0186           00031     CLRF    PORTB                   ; Aseguro salidas en 0 al iniciar
                      00032 
                      00033 ;--- CAPA 3: LÓGICA DE APLICACIÓN ---
000B                  00034 MAIN
000B   0805           00035     MOVF    PORTA,W                 ;Guardo en W los datos de entrada de PORTA
000C   391F           00036     ANDLW   MASCARASW               ;Mascara de filtro para los 5 bits de entrada
000D   0086           00037     MOVWF   PORTB                   ;Vuelco los valores de W con mascara en el PORTB
000E   0063           00038     SLEEP                           ;Entra en modo stanby eterno
000F                  00039 SEGURO
MPASM 5.68                          MAIN.ASM   4-1-2026  22:12:09         PAGE  2


LOC  OBJECT CODE     LINE SOURCE TEXT
  VALUE

000F   2???           00040     goto SEGURO                     ;Bucle infinito que no ejecuta basura
3FF9                  00041     END
MPASM 5.68                          MAIN.ASM   4-1-2026  22:12:09         PAGE  3


SYMBOL TABLE
  LABEL                             VALUE 

C                                 00000000
DC                                00000001
EEADR                             00000009
EECON1                            00000088
EECON2                            00000089
EEDATA                            00000008
EEIE                              00000006
EEIF                              00000004
ENTRADAS                          0000001F
F                                 00000001
FSR                               00000004
GIE                               00000007
INDF                              00000000
INICIO                            00000005
INTCON                            0000000B
INTE                              00000004
INTEDG                            00000006
INTF                              00000001
IRP                               00000007
MAIN                              0000000B
MASCARASW                         0000001F
NOT_PD                            00000003
NOT_RBPU                          00000007
NOT_TO                            00000004
OPTION_REG                        00000081
PCL                               00000002
PCLATH                            0000000A
PORTA                             00000005
PORTB                             00000006
PS0                               00000000
PS1                               00000001
PS2                               00000002
PSA                               00000003
RA0                               00000000
RA1                               00000001
RA2                               00000002
RA3                               00000003
RA4                               00000004
RB0                               00000000
RB1                               00000001
RB2                               00000002
RB3                               00000003
RB4                               00000004
RB5                               00000005
RB6                               00000006
RB7                               00000007
RBIE                              00000003
RBIF                              00000000
RD                                00000000
RP0                               00000005
RP1                               00000006
SEGURO                            0000000F
STATUS                            00000003
MPASM 5.68                          MAIN.ASM   4-1-2026  22:12:09         PAGE  4


SYMBOL TABLE
  LABEL                             VALUE 

T0CS                              00000005
T0IE                              00000005
T0IF                              00000002
T0SE                              00000004
TMR0                              00000001
TMR0IE                            00000005
TMR0IF                            00000002
TRISA                             00000085
TRISA0                            00000000
TRISA1                            00000001
TRISA2                            00000002
TRISA3                            00000003
TRISA4                            00000004
TRISB                             00000086
TRISB0                            00000000
TRISB1                            00000001
TRISB2                            00000002
TRISB3                            00000003
TRISB4                            00000004
TRISB5                            00000005
TRISB6                            00000006
TRISB7                            00000007
W                                 00000000
WR                                00000001
WREN                              00000002
WRERR                             00000003
Z                                 00000002
_CONFIG                           00002007
_CP_OFF                           00003FFF
_CP_ON                            0000000F
_DEVID1                           00002006
_FOSC_EXTRC                       00003FFF
_FOSC_HS                          00003FFE
_FOSC_LP                          00003FFC
_FOSC_XT                          00003FFD
_HS_OSC                           00003FFE
_IDLOC0                           00002000
_IDLOC1                           00002001
_IDLOC2                           00002002
_IDLOC3                           00002003
_LP_OSC                           00003FFC
_PWRTE_OFF                        00003FFF
_PWRTE_ON                         00003FF7
_RC_OSC                           00003FFF
_WDTE_OFF                         00003FFB
_WDTE_ON                          00003FFF
_WDT_OFF                          00003FFB
_WDT_ON                           00003FFF
_XT_OSC                           00003FFD
__16F84A                          00000001

MPASM 5.68                          MAIN.ASM   4-1-2026  22:12:09         PAGE  5





Errors   :     0
Warnings :     2 reported,     0 suppressed
Messages :     2 reported,     0 suppressed

